command: verifier/v3/verify.sh
timestamp: 2026-07-31T08:54:30 local
PASS: mod jar exists (build/libs)
PASS: unit tests green
asset integrity OK (92 textures, 285 lang keys)
PASS: asset integrity (models->textures, lang keys)
all 83 block/item textures are 32x (or 32x animated strips)
PASS: textures are 32x
PASS: ProjectE-style transmutation
PASS: TD-style conduits
PASS: MA-style botanicals
PASS: AE2-style wireless channels
PASS: AE2-style autocrafting (Fabricator)
PASS: item transport over network
PASS: MA-style growth acceleration
PASS: fabricator in shipped jar
PASS: MA-style resource crop (Echo Bloom)
PASS: echo bloom seeds registered
PASS: echo bloom loot+recipes
PASS: echo bloom in shipped jar
exit=0
