# verifier run — 2026-07-31T12:08:40Z
# command: bash verifier/v12/verify.sh
# note: re-run after fixing v12 verify.sh script paths (they still pointed at verifier/v11/*.py in the copied file; the python checkers are identical across versions, so the first run's results were valid — this run confirms with the corrected self-referential paths)
PASS: mod jar exists (build/libs)
PASS: unit tests green
asset integrity OK (109 textures, 327 lang keys)
PASS: asset integrity (models->textures, lang keys)
all 100 block/item textures are 32x (or 32x animated strips)
PASS: textures are 32x
PASS: ProjectE-style transmutation
PASS: TD-style conduits
PASS: MA-style botanicals
PASS: AE2-style wireless channels
PASS: AE2-style autocrafting (Fabricator)
PASS: item transport over network
PASS: MA-style growth acceleration
PASS: fabricator in shipped jar
PASS: MA-style resource crop (Echo Bloom)
PASS: echo bloom seeds registered
PASS: echo bloom loot+recipes
PASS: echo bloom in shipped jar
PASS: essence in Bound-Light value table (4096)
PASS: essence resource recipes
PASS: mechanics guide covers all four systems
PASS: mod version bumped (0.3.0)
PASS: new advancements present
PASS: advancement lang keys
PASS: all advancement JSON valid
PASS: 0.3.0 jar built
PASS: tier-2 resource crop (Radiant Bloom)
PASS: radiant bloom seeds registered
PASS: radiant bloom loot+recipes
PASS: radiant essence in Bound-Light table (8192)
PASS: radiant essence advancement+lang
PASS: radiant bloom in shipped jar
PASS: data-integrity test suite present
PASS: data-integrity tests green
PASS: AE2-style encoded pattern item
PASS: pattern cards registered
PASS: fabricator template restock
PASS: pattern card interaction
PASS: pattern recipe+lang
PASS: encoded pattern in shipped jar
PASS: tier-3 resource crop (Abyssal Bloom)
PASS: abyssal bloom seeds registered
PASS: abyssal bloom loot+recipes
PASS: abyssal essence in Bound-Light table (16384)
PASS: darkness-gated growth
PASS: abyssal essence advancement+lang
PASS: abyssal bloom in shipped jar
PASS: TD-style redstone gate logic (RedstoneGate)
PASS: wireless devices expose redstone mode
PASS: network manager enforces redstone gating
PASS: redstone gate tests green
PASS: docs cover wireless redstone gating
PASS: redstone gate in shipped jar
PASS: ProjectE-style condenser (Resonant Condenser)
PASS: condenser block+entity registered
PASS: condenser recipe+loot+blockstate
PASS: condenser bound to transmutation account
PASS: condenser lang keys
PASS: docs cover the condenser
PASS: condenser in shipped jar
PASS: AE2-style wireless terminal (Wave Terminal)
PASS: terminal item registered + in creative tab
PASS: terminal reads live channel roster
PASS: terminal honors locks + redstone gating
PASS: terminal recipe+item def+model+texture
PASS: terminal lang keys
PASS: docs cover the wave terminal
PASS: resource wiring tests green (13 tests)
PASS: terminal in shipped jar
# exit code: 0
# values: 67/67 PASS; asset integrity OK (109 textures, 327 lang keys); all 100 block/item textures are 32x (or 32x animated strips)
